\BOOKMARK [0][-]{chapter*.1}{\376\377\000P\000r\000e\000f\000a\000c\000e\000\040\000t\000o\000\040\000N\000e\000w\000\040\000T\000y\000p\000e\000s\000e\000t\000t\000i\000n\000g}{}% 1
\BOOKMARK [0][-]{chapter*.2}{\376\377\000P\000r\000e\000f\000a\000c\000e}{}% 2
\BOOKMARK [0][-]{chapter*.3}{\376\377\000P\000r\000e\000f\000a\000c\000e\000\040\000t\000o\000\040\000S\000e\000c\000o\000n\000d\000\040\000E\000d\000i\000t\000i\000o\000n}{}% 3
\BOOKMARK [0][-]{chapter*.4}{\376\377\000C\000o\000n\000v\000e\000n\000t\000i\000o\000n\000s}{}% 4
\BOOKMARK [0][-]{chapter*.10}{\376\377\000C\000o\000n\000t\000e\000n\000t\000s}{}% 5
\BOOKMARK [-1][-]{part.11}{\376\377\000I\000\040}{}% 6
\BOOKMARK [0][-]{chapter.12}{\376\377\000E\000l\000e\000m\000e\000n\000t\000a\000r\000y\000\040\000R\000e\000s\000u\000l\000t\000s}{part.11}% 7
\BOOKMARK [1][-]{section.13}{\376\377\000G\000e\000n\000e\000r\000a\000l\000\040\000R\000i\000n\000g\000s}{chapter.12}% 8
\BOOKMARK [1][-]{section.55}{\376\377\000N\000o\000e\000t\000h\000e\000r\000i\000a\000n\000\040\000R\000i\000n\000g\000s\000\040\000a\000n\000d\000\040\000A\000r\000t\000i\000n\000i\000a\000n\000\040\000R\000i\000n\000g\000s}{chapter.12}% 9
\BOOKMARK [0][-]{chapter.66}{\376\377\000F\000l\000a\000t\000n\000e\000s\000s}{part.11}% 10
\BOOKMARK [1][-]{section.67}{\376\377\000F\000l\000a\000t\000n\000e\000s\000s}{chapter.66}% 11
\BOOKMARK [1][-]{section.106}{\376\377\000F\000a\000i\000t\000h\000f\000u\000l\000\040\000F\000l\000a\000t\000n\000e\000s\000s}{chapter.66}% 12
\BOOKMARK [1][-]{section.139}{\376\377\000G\000o\000i\000n\000g\000-\000u\000p\000\040\000T\000h\000e\000o\000r\000e\000m\000\040\000a\000n\000d\000\040\000G\000o\000i\000n\000g\000-\000d\000o\000w\000n\000\040\000T\000h\000e\000o\000r\000e\000m}{chapter.66}% 13
\BOOKMARK [1][-]{section.168}{\376\377\000C\000o\000n\000s\000t\000r\000u\000c\000t\000i\000b\000l\000e\000\040\000S\000e\000t\000s}{chapter.66}% 14
\BOOKMARK [0][-]{chapter.200}{\376\377\000A\000s\000s\000o\000c\000i\000a\000t\000e\000d\000\040\000P\000r\000i\000m\000e\000s}{part.11}% 15
\BOOKMARK [1][-]{section.201}{\376\377\000A\000s\000s\000\050\000M\000\051}{chapter.200}% 16
\BOOKMARK [1][-]{section.222}{\376\377\000P\000r\000i\000m\000a\000r\000y\000\040\000D\000e\000c\000o\000m\000p\000o\000s\000i\000t\000i\000o\000n}{chapter.200}% 17
\BOOKMARK [1][-]{section.249}{\376\377\000H\000o\000m\000o\000m\000o\000r\000p\000h\000i\000s\000m\000s\000\040\000a\000n\000d\000\040\000A\000s\000s}{chapter.200}% 18
\BOOKMARK [0][-]{chapter.270}{\376\377\000G\000r\000a\000d\000e\000d\000\040\000R\000i\000n\000g\000s}{part.11}% 19
\BOOKMARK [1][-]{section.271}{\376\377\000G\000r\000a\000d\000e\000d\000\040\000R\000i\000n\000g\000s\000\040\000a\000n\000d\000\040\000M\000o\000d\000u\000l\000e\000s}{chapter.270}% 20
\BOOKMARK [1][-]{section.296}{\376\377\000A\000r\000t\000i\000n\000-\000R\000e\000e\000s\000\040\000T\000h\000e\000o\000r\000e\000m}{chapter.270}% 21
\BOOKMARK [0][-]{chapter.312}{\376\377\000D\000i\000m\000e\000n\000s\000i\000o\000n}{part.11}% 22
\BOOKMARK [1][-]{section.313}{\376\377\000D\000i\000m\000e\000n\000s\000i\000o\000n}{chapter.312}% 23
\BOOKMARK [1][-]{section.340}{\376\377\000H\000o\000m\000o\000m\000o\000r\000p\000h\000i\000s\000m\000s\000\040\000a\000n\000d\000\040\000D\000i\000m\000e\000n\000s\000i\000o\000n}{chapter.312}% 24
\BOOKMARK [1][-]{section.362}{\376\377\000F\000i\000n\000i\000t\000e\000l\000y\000\040\000G\000e\000n\000e\000r\000a\000t\000e\000d\000\040\000E\000x\000t\000e\000n\000s\000i\000o\000n\000s}{chapter.312}% 25
\BOOKMARK [0][-]{chapter.399}{\376\377\000D\000e\000p\000t\000h}{part.11}% 26
\BOOKMARK [1][-]{section.400}{\376\377\000M\000-\000r\000e\000g\000u\000l\000a\000r\000\040\000S\000e\000q\000u\000e\000n\000c\000e\000s}{chapter.399}% 27
\BOOKMARK [1][-]{section.441}{\376\377\000C\000o\000h\000e\000n\000-\000M\000a\000c\000a\000u\000l\000a\000y\000\040\000R\000i\000n\000g\000s}{chapter.399}% 28
\BOOKMARK [0][-]{chapter.483}{\376\377\000N\000o\000r\000m\000a\000l\000\040\000R\000i\000n\000g\000s\000\040\000a\000n\000d\000\040\000R\000e\000g\000u\000l\000a\000r\000\040\000R\000i\000n\000g\000s}{part.11}% 29
\BOOKMARK [1][-]{section.484}{\376\377\000C\000l\000a\000s\000s\000i\000c\000a\000l\000\040\000T\000h\000e\000o\000r\000y}{chapter.483}% 30
\BOOKMARK [1][-]{section.529}{\376\377\000H\000o\000m\000o\000l\000o\000g\000i\000c\000a\000l\000\040\000T\000h\000e\000o\000r\000y}{chapter.483}% 31
\BOOKMARK [1][-]{section.583}{\376\377\000U\000n\000i\000q\000u\000e\000\040\000F\000a\000c\000t\000o\000r\000i\000z\000a\000t\000i\000o\000n}{chapter.483}% 32
\BOOKMARK [0][-]{chapter.600}{\376\377\000F\000l\000a\000t\000n\000e\000s\000s\000\040\000I\000I}{part.11}% 33
\BOOKMARK [1][-]{section.601}{\376\377\000L\000o\000c\000a\000l\000\040\000C\000r\000i\000t\000e\000r\000i\000a\000\040\000o\000f\000\040\000F\000l\000a\000t\000n\000e\000s\000s}{chapter.600}% 34
\BOOKMARK [1][-]{section.628}{\376\377\000F\000i\000b\000r\000e\000s\000\040\000o\000f\000\040\000F\000l\000a\000t\000\040\000M\000o\000r\000p\000h\000i\000s\000m\000s}{chapter.600}% 35
\BOOKMARK [1][-]{section.655}{\376\377\000T\000h\000e\000o\000r\000e\000m\000s\000\040\000o\000f\000\040\000G\000e\000n\000e\000r\000i\000c\000\040\000F\000l\000a\000t\000n\000e\000s\000s}{chapter.600}% 36
\BOOKMARK [0][-]{chapter.669}{\376\377\000C\000o\000m\000p\000l\000e\000t\000i\000o\000n}{part.11}% 37
\BOOKMARK [1][-]{section.670}{\376\377\000C\000o\000m\000p\000l\000e\000t\000i\000o\000n}{chapter.669}% 38
\BOOKMARK [1][-]{section.714}{\376\377\000Z\000a\000r\000i\000s\000k\000i\000\040\000R\000i\000n\000g\000s}{chapter.669}% 39
\BOOKMARK [-1][-]{part.738}{\376\377\000I\000I\000\040}{}% 40
\BOOKMARK [0][-]{chapter.739}{\376\377\000D\000e\000r\000i\000v\000a\000t\000i\000o\000n\000s}{part.738}% 41
\BOOKMARK [1][-]{section.740}{\376\377\000E\000x\000t\000e\000n\000s\000i\000o\000n\000\040\000o\000f\000\040\000R\000i\000n\000g\000\040\000b\000y\000\040\000a\000\040\000M\000o\000d\000u\000l\000e}{chapter.739}% 42
\BOOKMARK [1][-]{section.753}{\376\377\000D\000e\000r\000i\000v\000a\000t\000i\000o\000n\000s\000\040\000a\000n\000d\000\040\000D\000i\000f\000f\000e\000r\000e\000n\000t\000i\000a\000l\000s}{chapter.739}% 43
\BOOKMARK [1][-]{section.793}{\376\377\000S\000e\000p\000a\000r\000a\000b\000i\000l\000i\000t\000y}{chapter.739}% 44
\BOOKMARK [0][-]{chapter.823}{\376\377\000F\000o\000r\000m\000a\000l\000\040\000S\000m\000o\000o\000t\000h\000n\000e\000s\000s}{part.738}% 45
\BOOKMARK [1][-]{section.824}{\376\377\000F\000o\000r\000m\000a\000l\000\040\000S\000m\000o\000o\000t\000h\000n\000e\000s\000s\000\040\000I}{chapter.823}% 46
\BOOKMARK [1][-]{section.882}{\376\377\000J\000a\000c\000o\000b\000i\000a\000n\000\040\000C\000r\000i\000t\000e\000r\000i\000a}{chapter.823}% 47
\BOOKMARK [1][-]{section.903}{\376\377\000F\000o\000r\000m\000a\000l\000\040\000S\000m\000o\000o\000t\000h\000n\000e\000s\000s\000\040\000I\000I}{chapter.823}% 48
\BOOKMARK [0][-]{chapter.925}{\376\377\000N\000a\000g\000a\000t\000a\000\040\000R\000i\000n\000g\000s}{part.738}% 49
\BOOKMARK [1][-]{section.926}{\376\377\000N\000a\000g\000a\000t\000a\000\040\000R\000i\000n\000g\000s}{chapter.925}% 50
\BOOKMARK [0][-]{chapter.960}{\376\377\000E\000x\000c\000e\000l\000l\000e\000n\000t\000\040\000R\000i\000n\000g\000s}{part.738}% 51
\BOOKMARK [1][-]{section.961}{\376\377\000C\000l\000o\000s\000e\000n\000e\000s\000s\000\040\000o\000f\000\040\000S\000i\000n\000g\000u\000l\000a\000r\000\040\000L\000o\000c\000u\000s}{chapter.960}% 52
\BOOKMARK [1][-]{section.982}{\376\377\000F\000o\000r\000m\000a\000l\000\040\000F\000i\000b\000r\000e\000s\000\040\000a\000n\000d\000\040\000G\000-\000R\000i\000n\000g\000s}{chapter.960}% 53
\BOOKMARK [1][-]{section.1022}{\376\377\000E\000x\000c\000e\000l\000l\000e\000n\000t\000\040\000R\000i\000n\000g\000s}{chapter.960}% 54
\BOOKMARK [0][-]{chapter*.1035}{\376\377\000A\000p\000p\000e\000n\000d\000i\000x}{part.738}% 55
\BOOKMARK [1][-]{section.1036}{\376\377\000E\000a\000k\000i\000n\000'\000s\000\040\000T\000h\000e\000o\000r\000e\000m}{chapter*.1035}% 56
\BOOKMARK [1][-]{section.1043}{\376\377\000A\000\040\000F\000l\000a\000t\000n\000e\000s\000s\000\040\000T\000h\000e\000o\000r\000e\000m}{chapter*.1035}% 57
\BOOKMARK [1][-]{section.1049}{\376\377\000C\000o\000e\000f\000f\000i\000c\000i\000e\000n\000t\000\040\000R\000i\000n\000g\000s}{chapter*.1035}% 58
\BOOKMARK [1][-]{section.1056}{\376\377\000p\000-\000B\000a\000s\000i\000s}{chapter*.1035}% 59
\BOOKMARK [1][-]{section.1080}{\376\377\000C\000a\000r\000t\000i\000e\000r\000'\000s\000\040\000E\000q\000u\000a\000l\000i\000t\000y\000\040\000a\000n\000d\000\040\000G\000e\000o\000m\000e\000t\000r\000i\000c\000\040\000R\000e\000g\000u\000l\000a\000r\000i\000t\000y}{chapter*.1035}% 60
\BOOKMARK [1][-]{section.1091}{\376\377\000J\000a\000c\000o\000b\000i\000a\000n\000\040\000C\000r\000i\000t\000e\000r\000i\000a\000\040\000a\000n\000d\000\040\000E\000x\000c\000e\000l\000l\000e\000n\000t\000\040\000R\000i\000n\000g\000s}{chapter*.1035}% 61
\BOOKMARK [1][-]{section.1132}{\376\377\000K\000r\000u\000l\000l\000\040\000R\000i\000n\000g\000s\000\040\000a\000n\000d\000\040\000M\000a\000r\000o\000t\000'\000s\000\040\000T\000h\000e\000o\000r\000e\000m}{chapter*.1035}% 62
\BOOKMARK [1][-]{section.1148}{\376\377\000K\000u\000n\000z\000'\000\040\000T\000h\000e\000o\000r\000e\000m\000s}{chapter*.1035}% 63
\BOOKMARK [1][-]{section.1165}{\376\377\000C\000o\000m\000p\000l\000e\000m\000e\000n\000t}{chapter*.1035}% 64
\BOOKMARK [0][-]{chapter*.1170}{\376\377\000b\000i\000b\000l\000i\000o\000g\000r\000a\000p\000h\000y}{part.738}% 65
\BOOKMARK [0][-]{chapter*.1170}{\376\377\000I\000n\000d\000e\000x}{part.738}% 66
